BRL-CAD Release 7.43.0  RT Hidden-Line Renderer
    Tue, 24 Mar 2026 17:22:40 UTC, Compilation 5
    @runnervm46oaq
BRL-CAD Release 7.43.0  The BRL-CAD Ray-Tracing Library
    Tue, 24 Mar 2026 17:22:40 UTC, Compilation 5
    @runnervm46oaq
BRL-CAD Release 7.43.0  The BRL-CAD Numerical Computation Library
    Tue, 24 Mar 2026 17:22:40 UTC, Compilation 5
    @runnervm46oaq
BRL-CAD Release 7.43.0  The BRL-CAD Utility Library
    Tue, 24 Mar 2026 17:22:40 UTC, Compilation 5
    @runnervm46oaq

Compile-time debug symbols are available
Running on runnervm46oaq
Planning to run with 4 processor(s)
/home/runner/work/brlcad_quickiterate/brlcad_quickiterate/brlcad_build/bin/rtedge -w 512 -n 512 -B -F 3 -V 1.0 -R -A 0.9 -p 0 -c set fg=0,0,0 -c set bg=0,0,0 -c set om=1 -c set oo=\"component component/power.train\" -c viewsize 6.787387573242200e+03 -c orientation 2.480973490458727e-01 4.765905732660485e-01 7.480973490458729e-01 3.894348305183902e-01 -c eye_pt 1.845382932318572e+04 1.175461729657747e+04 1.044847417329058e+04
opendb /home/runner/work/brlcad_quickiterate/brlcad_quickiterate/brlcad_build/share/db/m35.g;
tree component;
db title:  M35   2 1/2 ton truck
DIRBUILD: cpu = 0.002647 sec, elapsed = 0.00265 sec

Additional #malloc=10708, #free=10678, #realloc=18 (30 retained)
0x7f06319cf048 TOL 5.000000e-04 (sq=2.500000e-07) perp=1.000000e-06, para=9.999990e-01
Additional #malloc=8194, #free=2, #realloc=1 (8192 retained)
GETTREE: cpu = 0.122937 sec, elapsed = 0.08788 sec

Additional #malloc=237305, #free=218115, #realloc=2250 (19190 retained)
rtedge: loading occlusion geometry from /home/runner/work/brlcad_quickiterate/brlcad_quickiterate/brlcad_build/share/db/m35.g.
rtedge: occlusion object 0 = component
rtedge: occlusion object 1 = component/power.train
rtedge: got tree for object 0 = component
rt_gettrees(component/power.train) warning:  no primitives found
rtedge: got tree for object 1 = component/power.train
rtedge: occlusion rt_gettrees done.
rtedge: occlusion prep done.
rtedge: will perform occlusion testing.
rtedge: automagically activating overlay mode.
view_init: will perform simple overlay.

...................Frame     0...................
PREP: cpu = 0.008459 sec, elapsed = 0.00851 sec

Additional #malloc=309576, #free=260604, #realloc=2339 (48972 retained)
NUBSP: 3154 cut, 3155 box (3155 empty)
Tree: 1123 solids in 890 regions
Model: X(-1828, 4893), Y(-1250, 1250), Z(0, 2619)
View: 35 azimuth, 25 elevation off of front view
Orientation: 0.248097, 0.476591, 0.748097, 0.389435
Eye_pos: 18453.8, 11754.6, 10448.5
Size: 6787.39mm
Grid: (13.2566, 13.2566) mm, (512, 512) pixels
Beam: radius=6SHOT: cpu = 1.11026 sec, elapsedSHOT: cpu = 1.12714 sec, elapsed = 0.55365 sec

Additional #malloc=393, #free=27, #realloc=24 (366 retained)
1390820 solid/ray intersections: 439092 hits + 951728 miss
pruned 31.6%:  284630 model RPP, 861068 dups skipped, 301514 solid RPP
Frame  0:     262144 pixels in      0.28 sec =    930296.27 pixels/sec
Frame  0:     524800 rays   in      0.28 sec =   1862409.53 rays/sec (RTFM)
Frame  0:     524800 rays   in      1.13 sec =    465602.38 rays/CPU_sec
Frame  0:     524800 rays   in      0.55 sec =    947884.42 rays/sec (wallclock)

