Setup used in this session
- Repository root: /tmp/workspace/starseeker/brlcad_quickiterate
- Source dir: /tmp/workspace/starseeker/brlcad_quickiterate/brlcad
- Build dir: /tmp/workspace/starseeker/brlcad_quickiterate/build_linux
- Reused external deps: /tmp/workspace/starseeker/brlcad_quickiterate/bext_output
- Configure command:
  cmake -S /tmp/workspace/starseeker/brlcad_quickiterate/brlcad -B /tmp/workspace/starseeker/brlcad_quickiterate/build_linux -G Ninja -DCMAKE_BUILD_TYPE=Release -DBRLCAD_EXT_DIR=/tmp/workspace/starseeker/brlcad_quickiterate/bext_output -DBRLCAD_ENABLE_QT=ON
- Local extra Qt packages needed here for Qt configure success:
  qtbase5-dev qtbase5-dev-tools libqt5opengl5-dev libqt5svg5-dev qtchooser qt5-qmake qttools5-dev

Validation results
- Targeted draw failures from the prior session are fixed:
  ctest -R 'ged_test_drawing_basic|ged_test_drawing_faceplate' --output-on-failure
  => 2/2 passed
- Full check target now reaches pre-existing regression failures unrelated to this session's draw fixes:
  cmake --build /tmp/workspace/starseeker/brlcad_quickiterate/build_linux --config Release --target check -j2

Remaining failures from full check
1. regress-licenses
   - Log: /tmp/workspace/starseeker/brlcad_quickiterate/build_linux/regress/licenses/regress-licenses.log
   - Reported issues:
     * embedded license file still references src/libbsg/bv_lod.cpp, but the file on disk is src/libbsg/mesh_lod.cpp
     * mesh_lod.cpp now needs corresponding embedded-license documentation
     * src/libbsg/tests/test_snap_action.c has no license info
     * src/libbsg/tests/test_measure.c has no license info
     * src/libbsg/tests/test_overlay.c has no license info
2. regress-repository
   - Log: /tmp/workspace/starseeker/brlcad_quickiterate/build_linux/regress/repository/regress-repository.log
   - Reported issues:
     * EXPECTED_PLATFORM_SYMBOLS count is stale (expected 140, found 128)
     * unguarded API usage reports in src/libbsg/draw_intent.c, src/libbsg/overlay.c, src/libbsg/pick.c, src/libbsg/tests/test_identity.c, src/libbsg/tests/test_node.c
     * missing bu_setprogname calls in src/libbsg/tests/test_hud.c and src/libbsg/tests/test_overlay.c

Recommended next session focus
- Start with the two regression logs above; they are the only failures left from this session's full check run.
- The draw/faceplate regressions that initially blocked this task have already been resolved in the working tree.
